// Jest Snapshot v1, https://goo.gl/fbAQLP

exports[`Pruebas en <GifItem/> debe de hacer match con el snapshoot 1`] = `
<div>
  <div
    class="card"
  >
    <img
      alt="Titulo de imagen"
      src="https://one-punch.com/saitama.jgp"
    />
    <p>
      Titulo de imagen
    </p>
  </div>
</div>
`;
